// Jest Snapshot v1, https://goo.gl/fbAQLP

exports[`ok: matches snapshot 1`] = `
<DocumentFragment>
  <div
    class="App"
  >
    <div />
    <form>
      <label
        for="color"
      >
        Color: 
      </label>
      <input
        id="color"
        name="color"
        placeholder="color"
        type="text"
        value=""
      />
      <label
        for="width"
      >
        Width: 
      </label>
      <input
        id="width"
        name="width"
        placeholder="width"
        type="text"
        value=""
      />
      <label
        for="height"
      >
        Height: 
      </label>
      <input
        id="height"
        name="height"
        placeholder="height"
        type="text"
        value=""
      />
      <button>
        Add new
      </button>
    </form>
  </div>
</DocumentFragment>
`;
