// Jest Snapshot v1, https://goo.gl/fbAQLP

exports[`ok: matches snapshot 1`] = `
<DocumentFragment>
  <div />
  <button>
    X
  </button>
</DocumentFragment>
`;
